#########################################################################################
# SAED 32/28nm 1p9m gds mapping file							#
#											#
# Revision History:									#
# Rev.		date		what							#
# -------------------------------------------------------------------------------------	#	
# 1.0		02/Feb/2011	(First draft)						#
# 1.1		31/Jan/2012	Added (Mx text) layers           			#
#########################################################################################
#layerName	layerPurpose	layerNo.	layerDataType
NWELL	 drawing	1 0
DNW	 drawing	2 0
DIFF	 drawing	3 0
PIMP	 drawing	4 0
NIMP	 drawing	5 0
DIFF_18	 drawing	6 0
PAD	 drawing	7 0
ESD_25	 drawing	8 0
SBLK	 drawing	9 0
PO	 drawing	10 0
M1	 drawing	11 0
VIA1     drawing	12 0 
M2	 drawing	13 0
VIA2	 drawing	14 0
M3	 drawing	15 0
VIA3	 drawing	16 0
M4	 drawing	17 0
VIA4	 drawing	18 0
M5	 drawing	19 0
VIA5	 drawing	20 0
M6	 drawing	21 0
VIA6	 drawing	22 0
M7	 drawing	23 0
VIA7	 drawing	24 0
M8	 drawing	25 0
VIA8	 drawing	26 0
M9	 drawing	27 0
CO	 drawing	28 0
HVTIMP   drawing	29 0
LVTIMP   drawing	30 0
M1PIN	 drawing	31 0
M2PIN	 drawing	32 0
M3PIN	 drawing	33 0
M4PIN	 drawing	34 0
M5PIN	 drawing	35 0
M6PIN	 drawing	36 0
M7PIN	 drawing	37 0
M8PIN	 drawing	38 0
M9PIN	 drawing	39 0
M1	 text		31 0
M2	 text		32 0
M3	 text		33 0
M4	 text		34 0
M5	 text		35 0
M6	 text		36 0
M7	 text		37 0
M8	 text		38 0
M9	 text		39 0
MRDL     drawing	41 0
VIARDL	 drawing	42 0
MRPIN	 drawing	43 0
HOTNWL   drawing	44 0
DIOD	 drawing	46 0
BJTMY    drawing	47 0
RNW	 drawing	48 0
RMARK	 drawing	49 0
LOGO	 drawing	51 0
IP	 drawing	52 0
PrBoundary	 drawing	50 0
RM1	 drawing	53 0
RM2	 drawing	54 0
RM3	 drawing	55 0
RM4	 drawing	56 0
RM5	 drawing	57 0
RM6	 drawing	58 0
RM7	 drawing	59 0
RM8	 drawing	60 0
RM9	 drawing	61 0
DM1EXCL	 drawing	64 0
DM2EXCL	 drawing	65 0
DM3EXCL	 drawing	66 0
DM4EXCL	 drawing	67 0
DM5EXCL	 drawing	68 0
DM6EXCL	 drawing	69 0
DM7EXCL	 drawing	70 0
DM8EXCL	 drawing	71 0
DM9EXCL	 drawing	72 0
DIFFEXCL drawing	73 0
POEXCL	 drawing	74 0
DIFF_25	 drawing	75 0
CBMMARK  drawing   76 0
CTMMARK  drawing   77 0
METDMY   drawing   78 0